npm warn Unknown env config "devdir". This will stop working in the next major version of npm.
npm warn Unknown project config "public-hoist-pattern". This will stop working in the next major version of npm.
npm warn exec The following package was not found and will be installed: tsx@4.22.4

╔══════════════════════════════════════════════════════════════════╗
║        LYRA AIRTABLE — SERVER-SIDE QUERY LATENCY BENCHMARK        ║
╚══════════════════════════════════════════════════════════════════╝
  PostgreSQL 17.7
  Sizes: 1,000, 100,000, 1,000,000 · Runs/op: 15 · Warmups: 2

========================================================================
  TABLE SIZE: 1,000 rows
========================================================================
  Seeding 1,000 rows ... 38.8 ms (25,740 rows/s)
  Sort/filter index build: 1217 ms
  View rank computation:   24.3 ms

  Read latency (server-side execution time, 15 runs after 2 warmups):
    Scroll one page (keyset)                       median    0.2 ms   p95    0.2 ms
    Jump to middle, unsorted (Tier 1)              median    0.2 ms   p95    0.2 ms
    Jump into a saved sorted view (Tier 2)         median    0.9 ms   p95    1.1 ms
    Jump, ad-hoc sort, no anchor (Tier 3)          median    4.6 ms   p95    5.6 ms
    Jump, ad-hoc sort, cursor anchor (Tier 3) (Δ=250) median    3.3 ms   p95    3.5 ms
    Jump into a filtered view (Tier 3)             median    0.2 ms   p95    0.2 ms
    Search, first page of matches                  median    0.8 ms   p95    0.9 ms
    Naive OFFSET to middle (baseline)              median    0.2 ms   p95    0.4 ms

  Write latency (wall clock):
    Duplicate one row (midpoint insert)            median    1.7 ms   p95    4.1 ms
    Duplicate a field (backfill all rows)            21.8 ms
    Bulk insert 200K rows                            4282 ms   (46,709 rows/s)

  Cleaned up (base + 2 indexes dropped)

========================================================================
  TABLE SIZE: 100,000 rows
========================================================================
  Seeding 100,000 rows ... 1158 ms (86,365 rows/s)
  Sort/filter index build: 1057 ms
  View rank computation:   1168 ms

  Read latency (server-side execution time, 15 runs after 2 warmups):
    Scroll one page (keyset)                       median    0.2 ms   p95    0.4 ms
    Jump to middle, unsorted (Tier 1)              median    0.2 ms   p95    0.5 ms
    Jump into a saved sorted view (Tier 2)         median    1.0 ms   p95    1.3 ms
    Jump, ad-hoc sort, no anchor (Tier 3)          median    113 ms   p95    177 ms
    Jump, ad-hoc sort, cursor anchor (Tier 3) (Δ=20,000) median    177 ms   p95    181 ms
    Jump into a filtered view (Tier 3)             median    6.1 ms   p95    6.8 ms
    Search, first page of matches                  median   14.5 ms   p95   15.2 ms
    Naive OFFSET to middle (baseline)              median    7.1 ms   p95    8.2 ms

  Write latency (wall clock):
    Duplicate one row (midpoint insert)            median    2.4 ms   p95    7.7 ms
    Duplicate a field (backfill all rows)            4406 ms
    Bulk insert 200K rows                            5685 ms   (35,180 rows/s)

  Cleaned up (base + 2 indexes dropped)

========================================================================
  TABLE SIZE: 1,000,000 rows
========================================================================
  Seeding 1,000,000 rows ... 13.9 s (72,198 rows/s)
  Sort/filter index build: 4906 ms
  View rank computation:   14.8 s

  Read latency (server-side execution time, 15 runs after 2 warmups):
    Scroll one page (keyset)                       median    0.2 ms   p95    0.2 ms
    Jump to middle, unsorted (Tier 1)              median    0.2 ms   p95    0.2 ms
    Jump into a saved sorted view (Tier 2)         median    1.1 ms   p95    1.5 ms
    Jump, ad-hoc sort, no anchor (Tier 3)          median   1224 ms   p95   1325 ms
    Jump, ad-hoc sort, cursor anchor (Tier 3) (Δ=20,000) median   60.6 ms   p95    123 ms
    Jump into a filtered view (Tier 3)             median    145 ms   p95   1321 ms
    Search, first page of matches                  median   15.7 ms   p95   16.2 ms
    Naive OFFSET to middle (baseline)              median    102 ms   p95    109 ms

  Offset sweep (median of 5 runs per point):
    naive_offset                 0K=0.2 ms  1K=0.3 ms  10K=1.6 ms  50K=7.8 ms  100K=17.0 ms  250K=41.6 ms  500K=102 ms  750K=155 ms  999K=203 ms
    tier1_rowindex_seek          0K=0.2 ms  1K=0.2 ms  10K=0.2 ms  50K=0.3 ms  100K=0.2 ms  250K=0.2 ms  500K=0.2 ms  750K=0.2 ms  999K=0.2 ms
    tier2_viewrowrank            0K=1.1 ms  1K=1.0 ms  10K=1.1 ms  50K=2.2 ms  100K=1.1 ms  250K=2.9 ms  500K=2.0 ms  750K=1.4 ms  999K=1.1 ms
    tier3_sorted_deferred_join   0K=1.6 ms  1K=1.7 ms  10K=5.9 ms  50K=111 ms  100K=215 ms  250K=520 ms  500K=1448 ms  750K=1323 ms  999K=1612 ms

  Write latency (wall clock):
    Duplicate one row (midpoint insert)            median    3.7 ms   p95   87.3 ms
    Duplicate a field (backfill all rows)             82.0 s
    Bulk insert 200K rows                            9781 ms   (20,447 rows/s)

  Cleaned up (base + 2 indexes dropped)

========================================================================
  RESULTS (paste-ready markdown)
========================================================================

## Latency benchmark results

Server-side query latency measured with `EXPLAIN (ANALYZE, BUFFERS)` — pure
Postgres execution time for the exact SQL each read procedure runs, so the
numbers reflect the query strategy rather than network or render time.
Reads: median (p95) of 15 runs after 2 discarded warmups, warm cache,
`ANALYZE` run after seeding. Writes: wall clock. Jumps target the middle of the table.

### Reads

| Operation | 1K rows | 100K rows | 1M rows |
| --- | --- | --- | --- |
| Scroll one page (keyset) | 0.2 ms (p95 0.2 ms) | 0.2 ms (p95 0.4 ms) | 0.2 ms (p95 0.2 ms) |
| Jump to middle, unsorted (Tier 1) | 0.2 ms (p95 0.2 ms) | 0.2 ms (p95 0.5 ms) | 0.2 ms (p95 0.2 ms) |
| Jump into a saved sorted view (Tier 2) | 0.9 ms (p95 1.1 ms) | 1.0 ms (p95 1.3 ms) | 1.1 ms (p95 1.5 ms) |
| Jump, ad-hoc sort, no anchor (Tier 3) | 4.6 ms (p95 5.6 ms) | 113 ms (p95 177 ms) | 1224 ms (p95 1325 ms) |
| Jump, ad-hoc sort, cursor anchor (Tier 3) | 3.3 ms (p95 3.5 ms) | 177 ms (p95 181 ms) | 60.6 ms (p95 123 ms) |
| Jump into a filtered view (Tier 3) | 0.2 ms (p95 0.2 ms) | 6.1 ms (p95 6.8 ms) | 145 ms (p95 1321 ms) |
| Search, first page of matches | 0.8 ms (p95 0.9 ms) | 14.5 ms (p95 15.2 ms) | 15.7 ms (p95 16.2 ms) |
| Naive OFFSET to middle (baseline) | 0.2 ms (p95 0.4 ms) | 7.1 ms (p95 8.2 ms) | 102 ms (p95 109 ms) |

### Writes

| Operation | 1K rows | 100K rows | 1M rows |
| --- | --- | --- | --- |
| Duplicate one row (midpoint insert) | 1.7 ms | 2.4 ms | 3.7 ms |
| Duplicate a field (backfill all rows) | 21.8 ms | 4406 ms | 82.0 s |
| Bulk insert 200K rows | 4282 ms | 5685 ms | 9781 ms |

### One-time costs

| Operation | 1K rows | 100K rows | 1M rows |
| --- | --- | --- | --- |
| Seed table (bulk insert, total) | 38.8 ms | 1158 ms | 13.9 s |
| One-time: build sort index (Name) | 1217 ms | 1057 ms | 4906 ms |
| One-time: compute view ranks | 24.3 ms | 1168 ms | 14.8 s |

_Measured on Apple M2, 8 GB RAM · PostgreSQL 17.7 · generated 2026-06-11 via `npx tsx latency-benchmark.ts`._

  Written to benchmark-results/latency-results.md and offset-sweep.csv

